C:\Users\Nabil Abrian Aryo P\mengkoding\brian-senpro\pakar\src\Pakar.Api\Pakar.Api.csproj : warning NU1510: PackageReference Microsoft.AspNetCore.SignalR will not be pruned. This package is automatically available and does not need to be referenced explicitly. Remove the PackageReference item.
c:\Users\Nabil Abrian Aryo P\mengkoding\brian-senpro\pakar\src\Pakar.Api\Pakar.Api.csproj : warning NU1510: PackageReference Microsoft.AspNetCore.SignalR will not be pruned. This package is automatically available and does not need to be referenced explicitly. Remove the PackageReference item. [C:\Users\Nabil Abrian Aryo P\mengkoding\brian-senpro\pakar\src\Pakar.Api\Pakar.Api.csproj]
info: Microsoft.EntityFrameworkCore.Migrations[20411]
      Acquiring an exclusive lock for migration application. See https://aka.ms/efcore-docs-migrations-lock for more information if this takes too long.
info: Microsoft.EntityFrameworkCore.Database.Command[20101]
      Executed DbCommand (11ms) [Parameters=[], CommandType='Text', CommandTimeout='30']
      SELECT COUNT(*) FROM "sqlite_master" WHERE "name" = '__EFMigrationsLock' AND "type" = 'table';
info: Microsoft.EntityFrameworkCore.Database.Command[20101]
      Executed DbCommand (12ms) [Parameters=[], CommandType='Text', CommandTimeout='30']
      INSERT OR IGNORE INTO "__EFMigrationsLock"("Id", "Timestamp") VALUES(1, '2026-10-05 13:48:47.1648408+00:00');
      SELECT changes();
info: Microsoft.EntityFrameworkCore.Database.Command[20101]
      Executed DbCommand (1ms) [Parameters=[], CommandType='Text', CommandTimeout='30']
      CREATE TABLE IF NOT EXISTS "__EFMigrationsHistory" (
          "MigrationId" TEXT NOT NULL CONSTRAINT "PK___EFMigrationsHistory" PRIMARY KEY,
          "ProductVersion" TEXT NOT NULL
      );
info: Microsoft.EntityFrameworkCore.Database.Command[20101]
      Executed DbCommand (0ms) [Parameters=[], CommandType='Text', CommandTimeout='30']
      SELECT COUNT(*) FROM "sqlite_master" WHERE "name" = '__EFMigrationsHistory' AND "type" = 'table';
info: Microsoft.EntityFrameworkCore.Database.Command[20101]
      Executed DbCommand (1ms) [Parameters=[], CommandType='Text', CommandTimeout='30']
      SELECT "MigrationId", "ProductVersion"
      FROM "__EFMigrationsHistory"
      ORDER BY "MigrationId";
info: Microsoft.EntityFrameworkCore.Migrations[20405]
      No migrations were applied. The database is already up to date.
info: Microsoft.EntityFrameworkCore.Database.Command[20101]
      Executed DbCommand (3ms) [Parameters=[], CommandType='Text', CommandTimeout='30']
      DELETE FROM "__EFMigrationsLock";
info: Microsoft.EntityFrameworkCore.Database.Command[20101]
      Executed DbCommand (0ms) [Parameters=[], CommandType='Text', CommandTimeout='30']
      SELECT EXISTS (
          SELECT 1
          FROM "Zones" AS "z")
info: Microsoft.EntityFrameworkCore.Database.Command[20101]
      Executed DbCommand (3ms) [Parameters=[@p0='?' (DbType = Guid), @p1='?' (Size = 38), @p2='?' (DbType = Int32), @p3='?' (Size = 23), @p4='?' (DbType = Int32)], CommandType='Text', CommandTimeout='30']
      INSERT INTO "Zones" ("Id", "Description", "ExternalId", "Name", "TotalCapacity")
      VALUES (@p0, @p1, @p2, @p3, @p4);
info: Microsoft.EntityFrameworkCore.Database.Command[20101]
      Executed DbCommand (0ms) [Parameters=[@p0='?' (DbType = Guid), @p1='?' (Size = 49), @p2='?' (DbType = Int32), @p3='?' (Size = 23), @p4='?' (DbType = Int32)], CommandType='Text', CommandTimeout='30']
      INSERT INTO "Zones" ("Id", "Description", "ExternalId", "Name", "TotalCapacity")
      VALUES (@p0, @p1, @p2, @p3, @p4);
info: Microsoft.EntityFrameworkCore.Database.Command[20101]
      Executed DbCommand (0ms) [Parameters=[@p0='?' (DbType = Guid), @p1='?' (Size = 49), @p2='?' (DbType = Int32), @p3='?' (Size = 31), @p4='?' (DbType = Int32)], CommandType='Text', CommandTimeout='30']
      INSERT INTO "Zones" ("Id", "Description", "ExternalId", "Name", "TotalCapacity")
      VALUES (@p0, @p1, @p2, @p3, @p4);
info: Microsoft.EntityFrameworkCore.Database.Command[20101]
      Executed DbCommand (0ms) [Parameters=[@p0='?' (DbType = Guid), @p1='?' (Size = 9), @p2='?' (Size = 2), @p3='?' (DbType = Int32), @p4='?' (DbType = DateTimeOffset), @p5='?' (Size = 13), @p6='?' (Size = 44), @p7='?' (DbType = Guid)], CommandType='Text', CommandTimeout='30']
      INSERT INTO "Cameras" ("Id", "ApiKeyHash", "ConnectionType", "ExternalId", "LastActiveTime", "Name", "StreamUrl", "ZoneId")
      VALUES (@p0, @p1, @p2, @p3, @p4, @p5, @p6, @p7);
info: Microsoft.EntityFrameworkCore.Database.Command[20101]
      Executed DbCommand (0ms) [Parameters=[@p0='?' (DbType = Guid), @p1='?' (Size = 9), @p2='?' (Size = 2), @p3='?' (DbType = Int32), @p4='?' (DbType = DateTimeOffset), @p5='?' (Size = 13), @p6='?' (Size = 44), @p7='?' (DbType = Guid)], CommandType='Text', CommandTimeout='30']
      INSERT INTO "Cameras" ("Id", "ApiKeyHash", "ConnectionType", "ExternalId", "LastActiveTime", "Name", "StreamUrl", "ZoneId")
      VALUES (@p0, @p1, @p2, @p3, @p4, @p5, @p6, @p7);
info: Microsoft.EntityFrameworkCore.Database.Command[20101]
      Executed DbCommand (0ms) [Parameters=[@p0='?' (DbType = Guid), @p1='?' (Size = 9), @p2='?' (Size = 2), @p3='?' (DbType = Int32), @p4='?' (DbType = DateTimeOffset), @p5='?' (Size = 19), @p6='?' (Size = 44), @p7='?' (DbType = Guid)], CommandType='Text', CommandTimeout='30']
      INSERT INTO "Cameras" ("Id", "ApiKeyHash", "ConnectionType", "ExternalId", "LastActiveTime", "Name", "StreamUrl", "ZoneId")
      VALUES (@p0, @p1, @p2, @p3, @p4, @p5, @p6, @p7);
info: Microsoft.EntityFrameworkCore.Database.Command[20101]
      Executed DbCommand (1ms) [Parameters=[@p0='?' (DbType = Guid), @p1='?' (DbType = Int32), @p2='?' (DbType = Boolean), @p3='?' (DbType = DateTime), @p4='?' (DbType = Double), @p5='?' (DbType = Double), @p6='?' (Size = 4), @p7='?' (DbType = Guid)], CommandType='Text', CommandTimeout='30']
      INSERT INTO "Spots" ("Id", "ExternalId", "IsOccupied", "LastUpdated", "Latitude", "Longitude", "Name", "ZoneId")
      VALUES (@p0, @p1, @p2, @p3, @p4, @p5, @p6, @p7);
info: Microsoft.EntityFrameworkCore.Database.Command[20101]
      Executed DbCommand (0ms) [Parameters=[@p0='?' (DbType = Guid), @p1='?' (DbType = Int32), @p2='?' (DbType = Boolean), @p3='?' (DbType = DateTime), @p4='?' (DbType = Double), @p5='?' (DbType = Double), @p6='?' (Size = 4), @p7='?' (DbType = Guid)], CommandType='Text', CommandTimeout='30']
      INSERT INTO "Spots" ("Id", "ExternalId", "IsOccupied", "LastUpdated", "Latitude", "Longitude", "Name", "ZoneId")
      VALUES (@p0, @p1, @p2, @p3, @p4, @p5, @p6, @p7);
info: Microsoft.EntityFrameworkCore.Database.Command[20101]
      Executed DbCommand (0ms) [Parameters=[@p0='?' (DbType = Guid), @p1='?' (DbType = Int32), @p2='?' (DbType = Boolean), @p3='?' (DbType = DateTime), @p4='?' (DbType = Double), @p5='?' (DbType = Double), @p6='?' (Size = 4), @p7='?' (DbType = Guid)], CommandType='Text', CommandTimeout='30']
      INSERT INTO "Spots" ("Id", "ExternalId", "IsOccupied", "LastUpdated", "Latitude", "Longitude", "Name", "ZoneId")
      VALUES (@p0, @p1, @p2, @p3, @p4, @p5, @p6, @p7);
info: Microsoft.EntityFrameworkCore.Database.Command[20101]
      Executed DbCommand (0ms) [Parameters=[@p0='?' (DbType = Guid), @p1='?' (DbType = Int32), @p2='?' (DbType = Boolean), @p3='?' (DbType = DateTime), @p4='?' (DbType = Double), @p5='?' (DbType = Double), @p6='?' (Size = 6), @p7='?' (DbType = Guid)], CommandType='Text', CommandTimeout='30']
      INSERT INTO "Spots" ("Id", "ExternalId", "IsOccupied", "LastUpdated", "Latitude", "Longitude", "Name", "ZoneId")
      VALUES (@p0, @p1, @p2, @p3, @p4, @p5, @p6, @p7);
info: Microsoft.EntityFrameworkCore.Database.Command[20101]
      Executed DbCommand (0ms) [Parameters=[@p0='?' (DbType = Guid), @p1='?' (DbType = Int32), @p2='?' (DbType = Boolean), @p3='?' (DbType = DateTime), @p4='?' (DbType = Double), @p5='?' (DbType = Double), @p6='?' (Size = 6), @p7='?' (DbType = Guid)], CommandType='Text', CommandTimeout='30']
      INSERT INTO "Spots" ("Id", "ExternalId", "IsOccupied", "LastUpdated", "Latitude", "Longitude", "Name", "ZoneId")
      VALUES (@p0, @p1, @p2, @p3, @p4, @p5, @p6, @p7);
info: Microsoft.EntityFrameworkCore.Database.Command[20101]
      Executed DbCommand (0ms) [Parameters=[@p0='?' (DbType = Guid), @p1='?' (DbType = Int32), @p2='?' (DbType = Boolean), @p3='?' (DbType = DateTime), @p4='?' (DbType = Double), @p5='?' (DbType = Double), @p6='?' (Size = 4), @p7='?' (DbType = Guid)], CommandType='Text', CommandTimeout='30']
      INSERT INTO "Spots" ("Id", "ExternalId", "IsOccupied", "LastUpdated", "Latitude", "Longitude", "Name", "ZoneId")
      VALUES (@p0, @p1, @p2, @p3, @p4, @p5, @p6, @p7);
info: Microsoft.EntityFrameworkCore.Database.Command[20101]
      Executed DbCommand (0ms) [Parameters=[@p0='?' (DbType = Guid), @p1='?' (DbType = Int32), @p2='?' (DbType = Boolean), @p3='?' (DbType = DateTime), @p4='?' (DbType = Double), @p5='?' (DbType = Double), @p6='?' (Size = 4), @p7='?' (DbType = Guid)], CommandType='Text', CommandTimeout='30']
      INSERT INTO "Spots" ("Id", "ExternalId", "IsOccupied", "LastUpdated", "Latitude", "Longitude", "Name", "ZoneId")
      VALUES (@p0, @p1, @p2, @p3, @p4, @p5, @p6, @p7);
info: Microsoft.EntityFrameworkCore.Database.Command[20101]
      Executed DbCommand (0ms) [Parameters=[@p0='?' (DbType = Guid), @p1='?' (DbType = Int32), @p2='?' (DbType = Boolean), @p3='?' (DbType = DateTime), @p4='?' (DbType = Double), @p5='?' (DbType = Double), @p6='?' (Size = 6), @p7='?' (DbType = Guid)], CommandType='Text', CommandTimeout='30']
      INSERT INTO "Spots" ("Id", "ExternalId", "IsOccupied", "LastUpdated", "Latitude", "Longitude", "Name", "ZoneId")
      VALUES (@p0, @p1, @p2, @p3, @p4, @p5, @p6, @p7);
info: Microsoft.EntityFrameworkCore.Database.Command[20101]
      Executed DbCommand (0ms) [Parameters=[@p0='?' (DbType = Guid), @p1='?' (DbType = Int32), @p2='?' (DbType = Boolean), @p3='?' (DbType = DateTime), @p4='?' (DbType = Double), @p5='?' (DbType = Double), @p6='?' (Size = 6), @p7='?' (DbType = Guid)], CommandType='Text', CommandTimeout='30']
      INSERT INTO "Spots" ("Id", "ExternalId", "IsOccupied", "LastUpdated", "Latitude", "Longitude", "Name", "ZoneId")
      VALUES (@p0, @p1, @p2, @p3, @p4, @p5, @p6, @p7);
info: Microsoft.EntityFrameworkCore.Database.Command[20101]
      Executed DbCommand (0ms) [Parameters=[@p0='?' (DbType = Guid), @p1='?' (DbType = Int32), @p2='?' (DbType = Boolean), @p3='?' (DbType = DateTime), @p4='?' (DbType = Double), @p5='?' (DbType = Double), @p6='?' (Size = 4), @p7='?' (DbType = Guid)], CommandType='Text', CommandTimeout='30']
      INSERT INTO "Spots" ("Id", "ExternalId", "IsOccupied", "LastUpdated", "Latitude", "Longitude", "Name", "ZoneId")
      VALUES (@p0, @p1, @p2, @p3, @p4, @p5, @p6, @p7);
info: Microsoft.EntityFrameworkCore.Database.Command[20101]
      Executed DbCommand (0ms) [Parameters=[@p0='?' (DbType = Guid), @p1='?' (DbType = Int32), @p2='?' (DbType = Boolean), @p3='?' (DbType = DateTime), @p4='?' (DbType = Double), @p5='?' (DbType = Double), @p6='?' (Size = 4), @p7='?' (DbType = Guid)], CommandType='Text', CommandTimeout='30']
      INSERT INTO "Spots" ("Id", "ExternalId", "IsOccupied", "LastUpdated", "Latitude", "Longitude", "Name", "ZoneId")
      VALUES (@p0, @p1, @p2, @p3, @p4, @p5, @p6, @p7);
info: Microsoft.EntityFrameworkCore.Database.Command[20101]
      Executed DbCommand (0ms) [Parameters=[@p0='?' (DbType = Guid), @p1='?' (DbType = Int32), @p2='?' (DbType = Boolean), @p3='?' (DbType = DateTime), @p4='?' (DbType = Double), @p5='?' (DbType = Double), @p6='?' (Size = 4), @p7='?' (DbType = Guid)], CommandType='Text', CommandTimeout='30']
      INSERT INTO "Spots" ("Id", "ExternalId", "IsOccupied", "LastUpdated", "Latitude", "Longitude", "Name", "ZoneId")
      VALUES (@p0, @p1, @p2, @p3, @p4, @p5, @p6, @p7);
info: Microsoft.EntityFrameworkCore.Database.Command[20101]
      Executed DbCommand (0ms) [Parameters=[@p0='?' (DbType = Guid), @p1='?' (DbType = Int32), @p2='?' (DbType = Boolean), @p3='?' (DbType = DateTime), @p4='?' (DbType = Double), @p5='?' (DbType = Double), @p6='?' (Size = 6), @p7='?' (DbType = Guid)], CommandType='Text', CommandTimeout='30']
      INSERT INTO "Spots" ("Id", "ExternalId", "IsOccupied", "LastUpdated", "Latitude", "Longitude", "Name", "ZoneId")
      VALUES (@p0, @p1, @p2, @p3, @p4, @p5, @p6, @p7);
info: Microsoft.EntityFrameworkCore.Database.Command[20101]
      Executed DbCommand (0ms) [Parameters=[@p0='?' (DbType = Guid), @p1='?' (DbType = Int32), @p2='?' (DbType = Boolean), @p3='?' (DbType = DateTime), @p4='?' (DbType = Double), @p5='?' (DbType = Double), @p6='?' (Size = 4), @p7='?' (DbType = Guid)], CommandType='Text', CommandTimeout='30']
      INSERT INTO "Spots" ("Id", "ExternalId", "IsOccupied", "LastUpdated", "Latitude", "Longitude", "Name", "ZoneId")
      VALUES (@p0, @p1, @p2, @p3, @p4, @p5, @p6, @p7);
info: Microsoft.EntityFrameworkCore.Database.Command[20101]
      Executed DbCommand (0ms) [Parameters=[@p0='?' (DbType = Guid), @p1='?' (DbType = Int32), @p2='?' (DbType = Boolean), @p3='?' (DbType = DateTime), @p4='?' (DbType = Double), @p5='?' (DbType = Double), @p6='?' (Size = 4), @p7='?' (DbType = Guid)], CommandType='Text', CommandTimeout='30']
      INSERT INTO "Spots" ("Id", "ExternalId", "IsOccupied", "LastUpdated", "Latitude", "Longitude", "Name", "ZoneId")
      VALUES (@p0, @p1, @p2, @p3, @p4, @p5, @p6, @p7);
info: Microsoft.EntityFrameworkCore.Database.Command[20101]
      Executed DbCommand (0ms) [Parameters=[@p0='?' (DbType = Guid), @p1='?' (DbType = Int32), @p2='?' (DbType = Boolean), @p3='?' (DbType = DateTime), @p4='?' (DbType = Double), @p5='?' (DbType = Double), @p6='?' (Size = 6), @p7='?' (DbType = Guid)], CommandType='Text', CommandTimeout='30']
      INSERT INTO "Spots" ("Id", "ExternalId", "IsOccupied", "LastUpdated", "Latitude", "Longitude", "Name", "ZoneId")
      VALUES (@p0, @p1, @p2, @p3, @p4, @p5, @p6, @p7);
info: Microsoft.EntityFrameworkCore.Database.Command[20101]
      Executed DbCommand (0ms) [Parameters=[@p0='?' (DbType = Guid), @p1='?' (DbType = Int32), @p2='?' (DbType = Boolean), @p3='?' (DbType = DateTime), @p4='?' (DbType = Double), @p5='?' (DbType = Double), @p6='?' (Size = 4), @p7='?' (DbType = Guid)], CommandType='Text', CommandTimeout='30']
      INSERT INTO "Spots" ("Id", "ExternalId", "IsOccupied", "LastUpdated", "Latitude", "Longitude", "Name", "ZoneId")
      VALUES (@p0, @p1, @p2, @p3, @p4, @p5, @p6, @p7);
info: Microsoft.EntityFrameworkCore.Database.Command[20101]
      Executed DbCommand (0ms) [Parameters=[@p0='?' (DbType = Guid), @p1='?' (DbType = Int32), @p2='?' (DbType = Boolean), @p3='?' (DbType = DateTime), @p4='?' (DbType = Double), @p5='?' (DbType = Double), @p6='?' (Size = 4), @p7='?' (DbType = Guid)], CommandType='Text', CommandTimeout='30']
      INSERT INTO "Spots" ("Id", "ExternalId", "IsOccupied", "LastUpdated", "Latitude", "Longitude", "Name", "ZoneId")
      VALUES (@p0, @p1, @p2, @p3, @p4, @p5, @p6, @p7);
info: Microsoft.EntityFrameworkCore.Database.Command[20101]
      Executed DbCommand (0ms) [Parameters=[@p0='?' (DbType = Guid), @p1='?' (DbType = Int32), @p2='?' (DbType = Boolean), @p3='?' (DbType = DateTime), @p4='?' (DbType = Double), @p5='?' (DbType = Double), @p6='?' (Size = 6), @p7='?' (DbType = Guid)], CommandType='Text', CommandTimeout='30']
      INSERT INTO "Spots" ("Id", "ExternalId", "IsOccupied", "LastUpdated", "Latitude", "Longitude", "Name", "ZoneId")
      VALUES (@p0, @p1, @p2, @p3, @p4, @p5, @p6, @p7);
info: Microsoft.EntityFrameworkCore.Database.Command[20101]
      Executed DbCommand (0ms) [Parameters=[@p0='?' (DbType = Guid), @p1='?' (DbType = Int32), @p2='?' (DbType = Boolean), @p3='?' (DbType = DateTime), @p4='?' (DbType = Double), @p5='?' (DbType = Double), @p6='?' (Size = 6), @p7='?' (DbType = Guid)], CommandType='Text', CommandTimeout='30']
      INSERT INTO "Spots" ("Id", "ExternalId", "IsOccupied", "LastUpdated", "Latitude", "Longitude", "Name", "ZoneId")
      VALUES (@p0, @p1, @p2, @p3, @p4, @p5, @p6, @p7);
info: Microsoft.EntityFrameworkCore.Database.Command[20101]
      Executed DbCommand (0ms) [Parameters=[@p0='?' (DbType = Guid), @p1='?' (DbType = Int32), @p2='?' (DbType = Boolean), @p3='?' (DbType = DateTime), @p4='?' (DbType = Double), @p5='?' (DbType = Double), @p6='?' (Size = 4), @p7='?' (DbType = Guid)], CommandType='Text', CommandTimeout='30']
      INSERT INTO "Spots" ("Id", "ExternalId", "IsOccupied", "LastUpdated", "Latitude", "Longitude", "Name", "ZoneId")
      VALUES (@p0, @p1, @p2, @p3, @p4, @p5, @p6, @p7);
info: Microsoft.EntityFrameworkCore.Database.Command[20101]
      Executed DbCommand (0ms) [Parameters=[@p0='?' (DbType = Guid), @p1='?' (DbType = Int32), @p2='?' (DbType = Boolean), @p3='?' (DbType = DateTime), @p4='?' (DbType = Double), @p5='?' (DbType = Double), @p6='?' (Size = 4), @p7='?' (DbType = Guid)], CommandType='Text', CommandTimeout='30']
      INSERT INTO "Spots" ("Id", "ExternalId", "IsOccupied", "LastUpdated", "Latitude", "Longitude", "Name", "ZoneId")
      VALUES (@p0, @p1, @p2, @p3, @p4, @p5, @p6, @p7);
info: Microsoft.EntityFrameworkCore.Database.Command[20101]
      Executed DbCommand (0ms) [Parameters=[@p0='?' (DbType = Guid), @p1='?' (DbType = Int32), @p2='?' (DbType = Boolean), @p3='?' (DbType = DateTime), @p4='?' (DbType = Double), @p5='?' (DbType = Double), @p6='?' (Size = 4), @p7='?' (DbType = Guid)], CommandType='Text', CommandTimeout='30']
      INSERT INTO "Spots" ("Id", "ExternalId", "IsOccupied", "LastUpdated", "Latitude", "Longitude", "Name", "ZoneId")
      VALUES (@p0, @p1, @p2, @p3, @p4, @p5, @p6, @p7);
info: Microsoft.EntityFrameworkCore.Database.Command[20101]
      Executed DbCommand (0ms) [Parameters=[@p0='?' (DbType = Guid), @p1='?' (DbType = Int32), @p2='?' (DbType = Boolean), @p3='?' (DbType = DateTime), @p4='?' (DbType = Double), @p5='?' (DbType = Double), @p6='?' (Size = 6), @p7='?' (DbType = Guid)], CommandType='Text', CommandTimeout='30']
      INSERT INTO "Spots" ("Id", "ExternalId", "IsOccupied", "LastUpdated", "Latitude", "Longitude", "Name", "ZoneId")
      VALUES (@p0, @p1, @p2, @p3, @p4, @p5, @p6, @p7);
info: Microsoft.EntityFrameworkCore.Database.Command[20101]
      Executed DbCommand (0ms) [Parameters=[@p0='?' (DbType = Guid), @p1='?' (DbType = Int32), @p2='?' (DbType = Boolean), @p3='?' (DbType = DateTime), @p4='?' (DbType = Double), @p5='?' (DbType = Double), @p6='?' (Size = 6), @p7='?' (DbType = Guid)], CommandType='Text', CommandTimeout='30']
      INSERT INTO "Spots" ("Id", "ExternalId", "IsOccupied", "LastUpdated", "Latitude", "Longitude", "Name", "ZoneId")
      VALUES (@p0, @p1, @p2, @p3, @p4, @p5, @p6, @p7);
info: Microsoft.EntityFrameworkCore.Database.Command[20101]
      Executed DbCommand (0ms) [Parameters=[@p0='?' (DbType = Guid), @p1='?' (DbType = Int32), @p2='?' (DbType = Boolean), @p3='?' (DbType = DateTime), @p4='?' (DbType = Double), @p5='?' (DbType = Double), @p6='?' (Size = 4), @p7='?' (DbType = Guid)], CommandType='Text', CommandTimeout='30']
      INSERT INTO "Spots" ("Id", "ExternalId", "IsOccupied", "LastUpdated", "Latitude", "Longitude", "Name", "ZoneId")
      VALUES (@p0, @p1, @p2, @p3, @p4, @p5, @p6, @p7);
info: Microsoft.EntityFrameworkCore.Database.Command[20101]
      Executed DbCommand (0ms) [Parameters=[@p0='?' (DbType = Guid), @p1='?' (DbType = Int32), @p2='?' (DbType = Boolean), @p3='?' (DbType = DateTime), @p4='?' (DbType = Double), @p5='?' (DbType = Double), @p6='?' (Size = 4), @p7='?' (DbType = Guid)], CommandType='Text', CommandTimeout='30']
      INSERT INTO "Spots" ("Id", "ExternalId", "IsOccupied", "LastUpdated", "Latitude", "Longitude", "Name", "ZoneId")
      VALUES (@p0, @p1, @p2, @p3, @p4, @p5, @p6, @p7);
info: Microsoft.EntityFrameworkCore.Database.Command[20101]
      Executed DbCommand (0ms) [Parameters=[@p0='?' (DbType = Guid), @p1='?' (DbType = Int32), @p2='?' (DbType = Boolean), @p3='?' (DbType = DateTime), @p4='?' (DbType = Double), @p5='?' (DbType = Double), @p6='?' (Size = 4), @p7='?' (DbType = Guid)], CommandType='Text', CommandTimeout='30']
      INSERT INTO "Spots" ("Id", "ExternalId", "IsOccupied", "LastUpdated", "Latitude", "Longitude", "Name", "ZoneId")
      VALUES (@p0, @p1, @p2, @p3, @p4, @p5, @p6, @p7);
info: Microsoft.EntityFrameworkCore.Database.Command[20101]
      Executed DbCommand (0ms) [Parameters=[@p0='?' (DbType = Guid), @p1='?' (DbType = Int32), @p2='?' (DbType = Boolean), @p3='?' (DbType = DateTime), @p4='?' (DbType = Double), @p5='?' (DbType = Double), @p6='?' (Size = 4), @p7='?' (DbType = Guid)], CommandType='Text', CommandTimeout='30']
      INSERT INTO "Spots" ("Id", "ExternalId", "IsOccupied", "LastUpdated", "Latitude", "Longitude", "Name", "ZoneId")
      VALUES (@p0, @p1, @p2, @p3, @p4, @p5, @p6, @p7);
info: Microsoft.EntityFrameworkCore.Database.Command[20101]
      Executed DbCommand (0ms) [Parameters=[@p0='?' (DbType = Guid), @p1='?' (DbType = Int32), @p2='?' (DbType = Boolean), @p3='?' (DbType = DateTime), @p4='?' (DbType = Double), @p5='?' (DbType = Double), @p6='?' (Size = 4), @p7='?' (DbType = Guid)], CommandType='Text', CommandTimeout='30']
      INSERT INTO "Spots" ("Id", "ExternalId", "IsOccupied", "LastUpdated", "Latitude", "Longitude", "Name", "ZoneId")
      VALUES (@p0, @p1, @p2, @p3, @p4, @p5, @p6, @p7);
info: Microsoft.Hosting.Lifetime[14]
      Now listening on: http://localhost:5000
info: Microsoft.Hosting.Lifetime[0]
      Application started. Press Ctrl+C to shut down.
info: Microsoft.Hosting.Lifetime[0]
      Hosting environment: Production
info: Microsoft.Hosting.Lifetime[0]
      Content root path: C:\Users\Nabil Abrian Aryo P\mengkoding\brian-senpro\pakar\src\Pakar.Api
info: Microsoft.EntityFrameworkCore.Database.Command[20101]
      Executed DbCommand (0ms) [Parameters=[], CommandType='Text', CommandTimeout='30']
      SELECT COUNT(*)
      FROM "Zones" AS "z"
info: Microsoft.EntityFrameworkCore.Database.Command[20101]
      Executed DbCommand (0ms) [Parameters=[@areaId='?' (DbType = Int32)], CommandType='Text', CommandTimeout='30']
      SELECT "z"."Id", "z"."Description", "z"."ExternalId", "z"."Name", "z"."TotalCapacity"
      FROM "Zones" AS "z"
      WHERE "z"."ExternalId" = @areaId
      LIMIT 1
info: Microsoft.EntityFrameworkCore.Database.Command[20101]
      Executed DbCommand (0ms) [Parameters=[@req_CameraId='?' (DbType = Int32)], CommandType='Text', CommandTimeout='30']
      SELECT "c"."Id", "c"."ApiKeyHash", "c"."ConnectionType", "c"."ExternalId", "c"."LastActiveTime", "c"."Name", "c"."StreamUrl", "c"."ZoneId"
      FROM "Cameras" AS "c"
      WHERE "c"."ExternalId" = @req_CameraId
      LIMIT 1
info: Microsoft.EntityFrameworkCore.Database.Command[20101]
      Executed DbCommand (0ms) [Parameters=[@spotExtIds1='?' (DbType = Int32), @spotExtIds2='?' (DbType = Int32)], CommandType='Text', CommandTimeout='30']
      SELECT "s"."Id", "s"."ExternalId", "s"."IsOccupied", "s"."LastUpdated", "s"."Latitude", "s"."Longitude", "s"."Name", "s"."ZoneId"
      FROM "Spots" AS "s"
      WHERE "s"."ExternalId" IN (@spotExtIds1, @spotExtIds2)
info: Microsoft.EntityFrameworkCore.Database.Command[20101]
      Executed DbCommand (0ms) [Parameters=[@p1='?' (DbType = Guid), @p0='?' (DbType = DateTimeOffset)], CommandType='Text', CommandTimeout='30']
      UPDATE "Cameras" SET "LastActiveTime" = @p0
      WHERE "Id" = @p1
      RETURNING 1;
info: Microsoft.EntityFrameworkCore.Database.Command[20101]
      Executed DbCommand (0ms) [Parameters=[@p0='?' (DbType = Guid), @p1='?', @p2='?' (DbType = Guid), @p3='?' (DbType = Single), @p4='?', @p5='?' (DbType = Int32), @p6='?' (DbType = Guid), @p7='?' (Size = 8), @p8='?' (DbType = DateTime)], CommandType='Text', CommandTimeout='30']
      INSERT INTO "Detections" ("Id", "BoundingBoxJson", "CameraId", "ConfidenceScore", "SnapshotUrl", "SpotExternalId", "SpotId", "Status", "Timestamp")
      VALUES (@p0, @p1, @p2, @p3, @p4, @p5, @p6, @p7, @p8);
info: Microsoft.EntityFrameworkCore.Database.Command[20101]
      Executed DbCommand (0ms) [Parameters=[@p0='?' (DbType = Guid), @p1='?', @p2='?' (DbType = Guid), @p3='?' (DbType = Single), @p4='?', @p5='?' (DbType = Int32), @p6='?' (DbType = Guid), @p7='?' (Size = 9), @p8='?' (DbType = DateTime)], CommandType='Text', CommandTimeout='30']
      INSERT INTO "Detections" ("Id", "BoundingBoxJson", "CameraId", "ConfidenceScore", "SnapshotUrl", "SpotExternalId", "SpotId", "Status", "Timestamp")
      VALUES (@p0, @p1, @p2, @p3, @p4, @p5, @p6, @p7, @p8);
info: Microsoft.EntityFrameworkCore.Database.Command[20101]
      Executed DbCommand (0ms) [Parameters=[@p2='?' (DbType = Guid), @p0='?' (DbType = Boolean), @p1='?' (DbType = DateTime)], CommandType='Text', CommandTimeout='30']
      UPDATE "Spots" SET "IsOccupied" = @p0, "LastUpdated" = @p1
      WHERE "Id" = @p2
      RETURNING 1;
info: Microsoft.EntityFrameworkCore.Database.Command[20101]
      Executed DbCommand (0ms) [Parameters=[@p1='?' (DbType = Guid), @p0='?' (DbType = DateTime)], CommandType='Text', CommandTimeout='30']
      UPDATE "Spots" SET "LastUpdated" = @p0
      WHERE "Id" = @p1
      RETURNING 1;
info: Pakar.Api.Realtime.ParkingStateStore[0]
      ingest cam=1 type=heartbeat changed=2 zone 1/10
